1.1 DATA LIST.  Reading free-form data from INLINE.
+--------+------+
|Variable|Format|
#========#======#
|A       |A161  |
|B       |A3    |
+--------+------+
                                                                                                                                                                A   B
----------------------------------------------------------------------------------------------------------------------------------------------------------------- ---
ABC                                                                                                                                                               def 
GHI                                                                                                                                                               jkl 
